---
source: src/diagnostic.rs
expression: ansi
---
[
    AnsiBlock {
        text: "error[E0277]: `Rc<Mutex<i32>>` cannot be sent between threads safely",
        state: Style(
            AnsiState {
                fg_color: Some(
                    Bit4(
                        31,
                    ),
                ),
                bg_color: None,
                undr_color: None,
                bold: false,
                faint: false,
                italic: false,
                underline: false,
                double_underline: false,
                slow_blink: false,
                rapid_blink: false,
                inverse: false,
                hide: false,
                crossedout: false,
                reset: false,
                framed: false,
                encircled: false,
                font: None,
                fraktur: false,
                proportional_spacing: false,
                overlined: false,
                igrm_underline: false,
                igrm_double_underline: false,
                igrm_overline: false,
                igrm_double_overline: false,
                igrm_stress_marking: false,
                superscript: false,
                subscript: false,
                unknown: false,
            },
        ),
    },
    AnsiBlock {
        text: "\n",
        state: Style(
            AnsiState {
                fg_color: None,
                bg_color: None,
                undr_color: None,
                bold: false,
                faint: false,
                italic: false,
                underline: false,
                double_underline: false,
                slow_blink: false,
                rapid_blink: false,
                inverse: false,
                hide: false,
                crossedout: false,
                reset: false,
                framed: false,
                encircled: false,
                font: None,
                fraktur: false,
                proportional_spacing: false,
                overlined: false,
                igrm_underline: false,
                igrm_double_underline: false,
                igrm_overline: false,
                igrm_double_overline: false,
                igrm_stress_marking: false,
                superscript: false,
                subscript: false,
                unknown: false,
            },
        ),
    },
    AnsiBlock {
        text: "@",
        state: Style(
            AnsiState {
                fg_color: Some(
                    Bit4(
                        94,
                    ),
                ),
                bg_color: None,
                undr_color: None,
                bold: true,
                faint: false,
                italic: false,
                underline: false,
                double_underline: false,
                slow_blink: false,
                rapid_blink: false,
                inverse: false,
                hide: false,
                crossedout: false,
                reset: false,
                framed: false,
                encircled: false,
                font: None,
                fraktur: false,
                proportional_spacing: false,
                overlined: false,
                igrm_underline: false,
                igrm_double_underline: false,
                igrm_overline: false,
                igrm_double_overline: false,
                igrm_stress_marking: false,
                superscript: false,
                subscript: false,
                unknown: false,
            },
        ),
    },
    AnsiBlock {
        text: " ",
        state: Style(
            AnsiState {
                fg_color: None,
                bg_color: None,
                undr_color: None,
                bold: false,
                faint: false,
                italic: false,
                underline: false,
                double_underline: false,
                slow_blink: false,
                rapid_blink: false,
                inverse: false,
                hide: false,
                crossedout: false,
                reset: true,
                framed: false,
                encircled: false,
                font: None,
                fraktur: false,
                proportional_spacing: false,
                overlined: false,
                igrm_underline: false,
                igrm_double_underline: false,
                igrm_overline: false,
                igrm_double_overline: false,
                igrm_stress_marking: false,
                superscript: false,
                subscript: false,
                unknown: false,
            },
        ),
    },
    AnsiBlock {
        text: "[",
        state: Style(
            AnsiState {
                fg_color: Some(
                    Bit4(
                        94,
                    ),
                ),
                bg_color: None,
                undr_color: None,
                bold: true,
                faint: false,
                italic: false,
                underline: false,
                double_underline: false,
                slow_blink: false,
                rapid_blink: false,
                inverse: false,
                hide: false,
                crossedout: false,
                reset: true,
                framed: false,
                encircled: false,
                font: None,
                fraktur: false,
                proportional_spacing: false,
                overlined: false,
                igrm_underline: false,
                igrm_double_underline: false,
                igrm_overline: false,
                igrm_double_overline: false,
                igrm_stress_marking: false,
                superscript: false,
                subscript: false,
                unknown: false,
            },
        ),
    },
    AnsiBlock {
        text: "src/main.rs",
        state: Style(
            AnsiState {
                fg_color: Some(
                    Bit4(
                        37,
                    ),
                ),
                bg_color: None,
                undr_color: None,
                bold: true,
                faint: false,
                italic: false,
                underline: false,
                double_underline: false,
                slow_blink: false,
                rapid_blink: false,
                inverse: false,
                hide: false,
                crossedout: false,
                reset: true,
                framed: false,
                encircled: false,
                font: None,
                fraktur: false,
                proportional_spacing: false,
                overlined: false,
                igrm_underline: false,
                igrm_double_underline: false,
                igrm_overline: false,
                igrm_double_overline: false,
                igrm_stress_marking: false,
                superscript: false,
                subscript: false,
                unknown: false,
            },
        ),
    },
    AnsiBlock {
        text: "]:",
        state: Style(
            AnsiState {
                fg_color: Some(
                    Bit4(
                        94,
                    ),
                ),
                bg_color: None,
                undr_color: None,
                bold: true,
                faint: false,
                italic: false,
                underline: false,
                double_underline: false,
                slow_blink: false,
                rapid_blink: false,
                inverse: false,
                hide: false,
                crossedout: false,
                reset: true,
                framed: false,
                encircled: false,
                font: None,
                fraktur: false,
                proportional_spacing: false,
                overlined: false,
                igrm_underline: false,
                igrm_double_underline: false,
                igrm_overline: false,
                igrm_double_overline: false,
                igrm_stress_marking: false,
                superscript: false,
                subscript: false,
                unknown: false,
            },
        ),
    },
    AnsiBlock {
        text: "\n",
        state: Style(
            AnsiState {
                fg_color: None,
                bg_color: None,
                undr_color: None,
                bold: false,
                faint: false,
                italic: false,
                underline: false,
                double_underline: false,
                slow_blink: false,
                rapid_blink: false,
                inverse: false,
                hide: false,
                crossedout: false,
                reset: true,
                framed: false,
                encircled: false,
                font: None,
                fraktur: false,
                proportional_spacing: false,
                overlined: false,
                igrm_underline: false,
                igrm_double_underline: false,
                igrm_overline: false,
                igrm_double_overline: false,
                igrm_stress_marking: false,
                superscript: false,
                subscript: false,
                unknown: false,
            },
        ),
    },
    AnsiBlock {
        text: "â”‚",
        state: Style(
            AnsiState {
                fg_color: Some(
                    Bit4(
                        94,
                    ),
                ),
                bg_color: None,
                undr_color: None,
                bold: true,
                faint: false,
                italic: false,
                underline: false,
                double_underline: false,
                slow_blink: false,
                rapid_blink: false,
                inverse: false,
                hide: false,
                crossedout: false,
                reset: true,
                framed: false,
                encircled: false,
                font: None,
                fraktur: false,
                proportional_spacing: false,
                overlined: false,
                igrm_underline: false,
                igrm_double_underline: false,
                igrm_overline: false,
                igrm_double_overline: false,
                igrm_stress_marking: false,
                superscript: false,
                subscript: false,
                unknown: false,
            },
        ),
    },
    AnsiBlock {
        text: " ",
        state: Style(
            AnsiState {
                fg_color: None,
                bg_color: None,
                undr_color: None,
                bold: false,
                faint: false,
                italic: false,
                underline: false,
                double_underline: false,
                slow_blink: false,
                rapid_blink: false,
                inverse: false,
                hide: false,
                crossedout: false,
                reset: true,
                framed: false,
                encircled: false,
                font: None,
                fraktur: false,
                proportional_spacing: false,
                overlined: false,
                igrm_underline: false,
                igrm_double_underline: false,
                igrm_overline: false,
                igrm_double_overline: false,
                igrm_stress_marking: false,
                superscript: false,
                subscript: false,
                unknown: false,
            },
        ),
    },
    AnsiBlock {
        text: "[",
        state: Style(
            AnsiState {
                fg_color: Some(
                    Bit4(
                        94,
                    ),
                ),
                bg_color: None,
                undr_color: None,
                bold: true,
                faint: false,
                italic: false,
                underline: false,
                double_underline: false,
                slow_blink: false,
                rapid_blink: false,
                inverse: false,
                hide: false,
                crossedout: false,
                reset: true,
                framed: false,
                encircled: false,
                font: None,
                fraktur: false,
                proportional_spacing: false,
                overlined: false,
                igrm_underline: false,
                igrm_double_underline: false,
                igrm_overline: false,
                igrm_double_overline: false,
                igrm_stress_marking: false,
                superscript: false,
                subscript: false,
                unknown: false,
            },
        ),
    },
    AnsiBlock {
        text: "line ",
        state: Style(
            AnsiState {
                fg_color: Some(
                    Bit4(
                        37,
                    ),
                ),
                bg_color: None,
                undr_color: None,
                bold: false,
                faint: false,
                italic: false,
                underline: false,
                double_underline: false,
                slow_blink: false,
                rapid_blink: false,
                inverse: false,
                hide: false,
                crossedout: false,
                reset: true,
                framed: false,
                encircled: false,
                font: None,
                fraktur: false,
                proportional_spacing: false,
                overlined: false,
                igrm_underline: false,
                igrm_double_underline: false,
                igrm_overline: false,
                igrm_double_overline: false,
                igrm_stress_marking: false,
                superscript: false,
                subscript: false,
                unknown: false,
            },
        ),
    },
    AnsiBlock {
        text: "12",
        state: Style(
            AnsiState {
                fg_color: Some(
                    Bit4(
                        37,
                    ),
                ),
                bg_color: None,
                undr_color: None,
                bold: false,
                faint: false,
                italic: false,
                underline: false,
                double_underline: false,
                slow_blink: false,
                rapid_blink: false,
                inverse: false,
                hide: false,
                crossedout: false,
                reset: true,
                framed: false,
                encircled: false,
                font: None,
                fraktur: false,
                proportional_spacing: false,
                overlined: false,
                igrm_underline: false,
                igrm_double_underline: false,
                igrm_overline: false,
                igrm_double_overline: false,
                igrm_stress_marking: false,
                superscript: false,
                subscript: false,
                unknown: false,
            },
        ),
    },
    AnsiBlock {
        text: "]: ",
        state: Style(
            AnsiState {
                fg_color: Some(
                    Bit4(
                        94,
                    ),
                ),
                bg_color: None,
                undr_color: None,
                bold: true,
                faint: false,
                italic: false,
                underline: false,
                double_underline: false,
                slow_blink: false,
                rapid_blink: false,
                inverse: false,
                hide: false,
                crossedout: false,
                reset: true,
                framed: false,
                encircled: false,
                font: None,
                fraktur: false,
                proportional_spacing: false,
                overlined: false,
                igrm_underline: false,
                igrm_double_underline: false,
                igrm_overline: false,
                igrm_double_overline: false,
                igrm_stress_marking: false,
                superscript: false,
                subscript: false,
                unknown: false,
            },
        ),
    },
    AnsiBlock {
        text: "required by a bound introduced by this call\n",
        state: Style(
            AnsiState {
                fg_color: None,
                bg_color: None,
                undr_color: None,
                bold: false,
                faint: false,
                italic: false,
                underline: false,
                double_underline: false,
                slow_blink: false,
                rapid_blink: false,
                inverse: false,
                hide: false,
                crossedout: false,
                reset: true,
                framed: false,
                encircled: false,
                font: None,
                fraktur: false,
                proportional_spacing: false,
                overlined: false,
                igrm_underline: false,
                igrm_double_underline: false,
                igrm_overline: false,
                igrm_double_overline: false,
                igrm_stress_marking: false,
                superscript: false,
                subscript: false,
                unknown: false,
            },
        ),
    },
    AnsiBlock {
        text: "â”‚",
        state: Style(
            AnsiState {
                fg_color: Some(
                    Bit4(
                        94,
                    ),
                ),
                bg_color: None,
                undr_color: None,
                bold: true,
                faint: false,
                italic: false,
                underline: false,
                double_underline: false,
                slow_blink: false,
                rapid_blink: false,
                inverse: false,
                hide: false,
                crossedout: false,
                reset: true,
                framed: false,
                encircled: false,
                font: None,
                fraktur: false,
                proportional_spacing: false,
                overlined: false,
                igrm_underline: false,
                igrm_double_underline: false,
                igrm_overline: false,
                igrm_double_overline: false,
                igrm_stress_marking: false,
                superscript: false,
                subscript: false,
                unknown: false,
            },
        ),
    },
    AnsiBlock {
        text: " ",
        state: Style(
            AnsiState {
                fg_color: None,
                bg_color: None,
                undr_color: None,
                bold: false,
                faint: false,
                italic: false,
                underline: false,
                double_underline: false,
                slow_blink: false,
                rapid_blink: false,
                inverse: false,
                hide: false,
                crossedout: false,
                reset: true,
                framed: false,
                encircled: false,
                font: None,
                fraktur: false,
                proportional_spacing: false,
                overlined: false,
                igrm_underline: false,
                igrm_double_underline: false,
                igrm_overline: false,
                igrm_double_overline: false,
                igrm_stress_marking: false,
                superscript: false,
                subscript: false,
                unknown: false,
            },
        ),
    },
    AnsiBlock {
        text: "[",
        state: Style(
            AnsiState {
                fg_color: Some(
                    Bit4(
                        94,
                    ),
                ),
                bg_color: None,
                undr_color: None,
                bold: true,
                faint: false,
                italic: false,
                underline: false,
                double_underline: false,
                slow_blink: false,
                rapid_blink: false,
                inverse: false,
                hide: false,
                crossedout: false,
                reset: true,
                framed: false,
                encircled: false,
                font: None,
                fraktur: false,
                proportional_spacing: false,
                overlined: false,
                igrm_underline: false,
                igrm_double_underline: false,
                igrm_overline: false,
                igrm_double_overline: false,
                igrm_stress_marking: false,
                superscript: false,
                subscript: false,
                unknown: false,
            },
        ),
    },
    AnsiBlock {
        text: "lines ",
        state: Style(
            AnsiState {
                fg_color: Some(
                    Bit4(
                        37,
                    ),
                ),
                bg_color: None,
                undr_color: None,
                bold: false,
                faint: false,
                italic: false,
                underline: false,
                double_underline: false,
                slow_blink: false,
                rapid_blink: false,
                inverse: false,
                hide: false,
                crossedout: false,
                reset: true,
                framed: false,
                encircled: false,
                font: None,
                fraktur: false,
                proportional_spacing: false,
                overlined: false,
                igrm_underline: false,
                igrm_double_underline: false,
                igrm_overline: false,
                igrm_double_overline: false,
                igrm_stress_marking: false,
                superscript: false,
                subscript: false,
                unknown: false,
            },
        ),
    },
    AnsiBlock {
        text: "12..17",
        state: Style(
            AnsiState {
                fg_color: Some(
                    Bit4(
                        37,
                    ),
                ),
                bg_color: None,
                undr_color: None,
                bold: false,
                faint: false,
                italic: false,
                underline: false,
                double_underline: false,
                slow_blink: false,
                rapid_blink: false,
                inverse: false,
                hide: false,
                crossedout: false,
                reset: true,
                framed: false,
                encircled: false,
                font: None,
                fraktur: false,
                proportional_spacing: false,
                overlined: false,
                igrm_underline: false,
                igrm_double_underline: false,
                igrm_overline: false,
                igrm_double_overline: false,
                igrm_stress_marking: false,
                superscript: false,
                subscript: false,
                unknown: false,
            },
        ),
    },
    AnsiBlock {
        text: "]: ",
        state: Style(
            AnsiState {
                fg_color: Some(
                    Bit4(
                        94,
                    ),
                ),
                bg_color: None,
                undr_color: None,
                bold: true,
                faint: false,
                italic: false,
                underline: false,
                double_underline: false,
                slow_blink: false,
                rapid_blink: false,
                inverse: false,
                hide: false,
                crossedout: false,
                reset: true,
                framed: false,
                encircled: false,
                font: None,
                fraktur: false,
                proportional_spacing: false,
                overlined: false,
                igrm_underline: false,
                igrm_double_underline: false,
                igrm_overline: false,
                igrm_double_overline: false,
                igrm_stress_marking: false,
                superscript: false,
                subscript: false,
                unknown: false,
            },
        ),
    },
    AnsiBlock {
        text: "`Rc<Mutex<i32>>` cannot be sent between threads safely\n",
        state: Style(
            AnsiState {
                fg_color: None,
                bg_color: None,
                undr_color: None,
                bold: false,
                faint: false,
                italic: false,
                underline: false,
                double_underline: false,
                slow_blink: false,
                rapid_blink: false,
                inverse: false,
                hide: false,
                crossedout: false,
                reset: true,
                framed: false,
                encircled: false,
                font: None,
                fraktur: false,
                proportional_spacing: false,
                overlined: false,
                igrm_underline: false,
                igrm_double_underline: false,
                igrm_overline: false,
                igrm_double_overline: false,
                igrm_stress_marking: false,
                superscript: false,
                subscript: false,
                unknown: false,
            },
        ),
    },
    AnsiBlock {
        text: ">",
        state: Style(
            AnsiState {
                fg_color: Some(
                    Bit4(
                        94,
                    ),
                ),
                bg_color: None,
                undr_color: None,
                bold: true,
                faint: false,
                italic: false,
                underline: false,
                double_underline: false,
                slow_blink: false,
                rapid_blink: false,
                inverse: false,
                hide: false,
                crossedout: false,
                reset: true,
                framed: false,
                encircled: false,
                font: None,
                fraktur: false,
                proportional_spacing: false,
                overlined: false,
                igrm_underline: false,
                igrm_double_underline: false,
                igrm_overline: false,
                igrm_double_overline: false,
                igrm_stress_marking: false,
                superscript: false,
                subscript: false,
                unknown: false,
            },
        ),
    },
    AnsiBlock {
        text: " ",
        state: Style(
            AnsiState {
                fg_color: None,
                bg_color: None,
                undr_color: None,
                bold: false,
                faint: false,
                italic: false,
                underline: false,
                double_underline: false,
                slow_blink: false,
                rapid_blink: false,
                inverse: false,
                hide: false,
                crossedout: false,
                reset: true,
                framed: false,
                encircled: false,
                font: None,
                fraktur: false,
                proportional_spacing: false,
                overlined: false,
                igrm_underline: false,
                igrm_double_underline: false,
                igrm_overline: false,
                igrm_double_overline: false,
                igrm_stress_marking: false,
                superscript: false,
                subscript: false,
                unknown: false,
            },
        ),
    },
    AnsiBlock {
        text: "note: required because it's used within `{closure@src/main.rs:11:36: 11:43}`",
        state: Style(
            AnsiState {
                fg_color: Some(
                    Bit4(
                        32,
                    ),
                ),
                bg_color: None,
                undr_color: None,
                bold: false,
                faint: false,
                italic: false,
                underline: false,
                double_underline: false,
                slow_blink: false,
                rapid_blink: false,
                inverse: false,
                hide: false,
                crossedout: false,
                reset: true,
                framed: false,
                encircled: false,
                font: None,
                fraktur: false,
                proportional_spacing: false,
                overlined: false,
                igrm_underline: false,
                igrm_double_underline: false,
                igrm_overline: false,
                igrm_double_overline: false,
                igrm_stress_marking: false,
                superscript: false,
                subscript: false,
                unknown: false,
            },
        ),
    },
    AnsiBlock {
        text: "\n",
        state: Style(
            AnsiState {
                fg_color: None,
                bg_color: None,
                undr_color: None,
                bold: false,
                faint: false,
                italic: false,
                underline: false,
                double_underline: false,
                slow_blink: false,
                rapid_blink: false,
                inverse: false,
                hide: false,
                crossedout: false,
                reset: true,
                framed: false,
                encircled: false,
                font: None,
                fraktur: false,
                proportional_spacing: false,
                overlined: false,
                igrm_underline: false,
                igrm_double_underline: false,
                igrm_overline: false,
                igrm_double_overline: false,
                igrm_stress_marking: false,
                superscript: false,
                subscript: false,
                unknown: false,
            },
        ),
    },
    AnsiBlock {
        text: ">",
        state: Style(
            AnsiState {
                fg_color: Some(
                    Bit4(
                        94,
                    ),
                ),
                bg_color: None,
                undr_color: None,
                bold: true,
                faint: false,
                italic: false,
                underline: false,
                double_underline: false,
                slow_blink: false,
                rapid_blink: false,
                inverse: false,
                hide: false,
                crossedout: false,
                reset: true,
                framed: false,
                encircled: false,
                font: None,
                fraktur: false,
                proportional_spacing: false,
                overlined: false,
                igrm_underline: false,
                igrm_double_underline: false,
                igrm_overline: false,
                igrm_double_overline: false,
                igrm_stress_marking: false,
                superscript: false,
                subscript: false,
                unknown: false,
            },
        ),
    },
    AnsiBlock {
        text: " ",
        state: Style(
            AnsiState {
                fg_color: None,
                bg_color: None,
                undr_color: None,
                bold: false,
                faint: false,
                italic: false,
                underline: false,
                double_underline: false,
                slow_blink: false,
                rapid_blink: false,
                inverse: false,
                hide: false,
                crossedout: false,
                reset: true,
                framed: false,
                encircled: false,
                font: None,
                fraktur: false,
                proportional_spacing: false,
                overlined: false,
                igrm_underline: false,
                igrm_double_underline: false,
                igrm_overline: false,
                igrm_double_overline: false,
                igrm_stress_marking: false,
                superscript: false,
                subscript: false,
                unknown: false,
            },
        ),
    },
    AnsiBlock {
        text: "help: within `{closure@src/main.rs:11:36: 11:43}`, the trait `Send` is not implemented for `Rc<Mutex<i32>>`",
        state: Style(
            AnsiState {
                fg_color: Some(
                    Bit4(
                        34,
                    ),
                ),
                bg_color: None,
                undr_color: None,
                bold: false,
                faint: false,
                italic: false,
                underline: false,
                double_underline: false,
                slow_blink: false,
                rapid_blink: false,
                inverse: false,
                hide: false,
                crossedout: false,
                reset: true,
                framed: false,
                encircled: false,
                font: None,
                fraktur: false,
                proportional_spacing: false,
                overlined: false,
                igrm_underline: false,
                igrm_double_underline: false,
                igrm_overline: false,
                igrm_double_overline: false,
                igrm_stress_marking: false,
                superscript: false,
                subscript: false,
                unknown: false,
            },
        ),
    },
    AnsiBlock {
        text: "\n\n",
        state: Style(
            AnsiState {
                fg_color: None,
                bg_color: None,
                undr_color: None,
                bold: false,
                faint: false,
                italic: false,
                underline: false,
                double_underline: false,
                slow_blink: false,
                rapid_blink: false,
                inverse: false,
                hide: false,
                crossedout: false,
                reset: true,
                framed: false,
                encircled: false,
                font: None,
                fraktur: false,
                proportional_spacing: false,
                overlined: false,
                igrm_underline: false,
                igrm_double_underline: false,
                igrm_overline: false,
                igrm_double_overline: false,
                igrm_stress_marking: false,
                superscript: false,
                subscript: false,
                unknown: false,
            },
        ),
    },
]
