---
source: src/diagnostic.rs
expression: clean
---
note: this is a test
@ [just testing]:
│ [lines 0..5]: just testing two multilines
│ [lines 1..3]: hi
│ [lines 3..5]: hello


